// Jest Snapshot v1, https://goo.gl/fbAQLP

exports[`BoardComponent snapshots no data 1`] = `<Component />`;

exports[`BoardComponent snapshots with data 1`] = `
<Component
  data={
    Array [
      Object {
        "assignee": Object {
          "avatar_url": "https://avatars3.githubusercontent.com/u/118951?v=4",
          "events_url": "https://api.github.com/users/damieng/events{/privacy}",
          "followers_url": "https://api.github.com/users/damieng/followers",
          "following_url": "https://api.github.com/users/damieng/following{/other_user}",
          "gists_url": "https://api.github.com/users/damieng/gists{/gist_id}",
          "gravatar_id": "",
          "html_url": "https://github.com/damieng",
          "id": 118951,
          "login": "damieng",
          "organizations_url": "https://api.github.com/users/damieng/orgs",
          "received_events_url": "https://api.github.com/users/damieng/received_events",
          "repos_url": "https://api.github.com/users/damieng/repos",
          "site_admin": true,
          "starred_url": "https://api.github.com/users/damieng/starred{/owner}{/repo}",
          "subscriptions_url": "https://api.github.com/users/damieng/subscriptions",
          "type": "User",
          "url": "https://api.github.com/users/damieng",
        },
        "assignees": Array [
          Object {
            "avatar_url": "https://avatars3.githubusercontent.com/u/118951?v=4",
            "events_url": "https://api.github.com/users/damieng/events{/privacy}",
            "followers_url": "https://api.github.com/users/damieng/followers",
            "following_url": "https://api.github.com/users/damieng/following{/other_user}",
            "gists_url": "https://api.github.com/users/damieng/gists{/gist_id}",
            "gravatar_id": "",
            "html_url": "https://github.com/damieng",
            "id": 118951,
            "login": "damieng",
            "organizations_url": "https://api.github.com/users/damieng/orgs",
            "received_events_url": "https://api.github.com/users/damieng/received_events",
            "repos_url": "https://api.github.com/users/damieng/repos",
            "site_admin": true,
            "starred_url": "https://api.github.com/users/damieng/starred{/owner}{/repo}",
            "subscriptions_url": "https://api.github.com/users/damieng/subscriptions",
            "type": "User",
            "url": "https://api.github.com/users/damieng",
          },
        ],
        "author_association": "NONE",
        "body": "
    
    ### Prerequisites
    
    * [X ] Put an X between the brackets on this line.
    
    ### Description
    
    The fonts are looking strange,
    I tried to reinstall atom three times (including the .atom directory) manually,
    Tried to run on safe mode, development mode, and disabled gpu.
    
    ### Steps to Reproduce
    
    1. Install Northen Dark Syntax And UI Themes.
    2. Use Them.
    3. Restart atom and see.
    
    **Expected behavior:** [What you expect to happen]
    
    **Actual behavior:** [What actually happens]
    
    **Reproduces how often:** [What percentage of the time does it reproduce?]
    
    ### Versions
    
    OS: Void Linux x86_64
    Model: H55M-D2H
    Kernel: 4.12.13_1
    Shell: zsh 5.4.2
    Resolution: 1920x1080
    CPU: Intel i3 540 (4) @ 3.059GHz
    GPU: NVIDIA GeForce GTX 650
    Memory: 7915MiB
    
    apm --version:
    apm  1.18.4
    npm  3.10.10
    node 6.9.5 x64
    python 2.7.14
    git 2.14.1
    
    atom --version:
    Atom    : 1.20.1
    Electron: 1.6.9
    Chrome  : 56.0.2924.87
    Node    : 7.4.0
    
    ### Additional Information
    ![2017-09-24-204828_1920x1080_scrot](https://user-images.githubusercontent.com/25435369/30784005-78c321f4-a155-11e7-8af5-9cea9abab6ec.png)
    
    ",
        "closed_at": null,
        "comments": 41,
        "comments_url": "https://api.github.com/repos/atom/atom/issues/15737/comments",
        "created_at": "2017-09-24T15:23:40Z",
        "events_url": "https://api.github.com/repos/atom/atom/issues/15737/events",
        "html_url": "https://github.com/atom/atom/issues/15737",
        "id": 260092687,
        "labels": Array [
          Object {
            "color": "A5ECFA",
            "default": false,
            "id": 258255692,
            "name": "electron",
            "url": "https://api.github.com/repos/atom/atom/labels/electron",
          },
          Object {
            "color": "c7def8",
            "default": false,
            "id": 97577987,
            "name": "linux",
            "url": "https://api.github.com/repos/atom/atom/labels/linux",
          },
          Object {
            "color": "eb6420",
            "default": false,
            "id": 343564310,
            "name": "typography",
            "url": "https://api.github.com/repos/atom/atom/labels/typography",
          },
        ],
        "labels_url": "https://api.github.com/repos/atom/atom/issues/15737/labels{/name}",
        "locked": false,
        "milestone": null,
        "number": 15737,
        "repository_url": "https://api.github.com/repos/atom/atom",
        "state": "open",
        "title": "Font Rendering issue with freetype 2.8.1",
        "updated_at": "2017-11-17T00:10:25Z",
        "url": "https://api.github.com/repos/atom/atom/issues/15737",
        "user": Object {
          "avatar_url": "https://avatars3.githubusercontent.com/u/25435369?v=4",
          "events_url": "https://api.github.com/users/3xpl0it2c/events{/privacy}",
          "followers_url": "https://api.github.com/users/3xpl0it2c/followers",
          "following_url": "https://api.github.com/users/3xpl0it2c/following{/other_user}",
          "gists_url": "https://api.github.com/users/3xpl0it2c/gists{/gist_id}",
          "gravatar_id": "",
          "html_url": "https://github.com/3xpl0it2c",
          "id": 25435369,
          "login": "3xpl0it2c",
          "organizations_url": "https://api.github.com/users/3xpl0it2c/orgs",
          "received_events_url": "https://api.github.com/users/3xpl0it2c/received_events",
          "repos_url": "https://api.github.com/users/3xpl0it2c/repos",
          "site_admin": false,
          "starred_url": "https://api.github.com/users/3xpl0it2c/starred{/owner}{/repo}",
          "subscriptions_url": "https://api.github.com/users/3xpl0it2c/subscriptions",
          "type": "User",
          "url": "https://api.github.com/users/3xpl0it2c",
        },
      },
      Object {
        "assignee": Object {
          "avatar_url": "https://avatars3.githubusercontent.com/u/1058982?v=4",
          "events_url": "https://api.github.com/users/Ben3eeE/events{/privacy}",
          "followers_url": "https://api.github.com/users/Ben3eeE/followers",
          "following_url": "https://api.github.com/users/Ben3eeE/following{/other_user}",
          "gists_url": "https://api.github.com/users/Ben3eeE/gists{/gist_id}",
          "gravatar_id": "",
          "html_url": "https://github.com/Ben3eeE",
          "id": 1058982,
          "login": "Ben3eeE",
          "organizations_url": "https://api.github.com/users/Ben3eeE/orgs",
          "received_events_url": "https://api.github.com/users/Ben3eeE/received_events",
          "repos_url": "https://api.github.com/users/Ben3eeE/repos",
          "site_admin": false,
          "starred_url": "https://api.github.com/users/Ben3eeE/starred{/owner}{/repo}",
          "subscriptions_url": "https://api.github.com/users/Ben3eeE/subscriptions",
          "type": "User",
          "url": "https://api.github.com/users/Ben3eeE",
        },
        "assignees": Array [
          Object {
            "avatar_url": "https://avatars3.githubusercontent.com/u/1058982?v=4",
            "events_url": "https://api.github.com/users/Ben3eeE/events{/privacy}",
            "followers_url": "https://api.github.com/users/Ben3eeE/followers",
            "following_url": "https://api.github.com/users/Ben3eeE/following{/other_user}",
            "gists_url": "https://api.github.com/users/Ben3eeE/gists{/gist_id}",
            "gravatar_id": "",
            "html_url": "https://github.com/Ben3eeE",
            "id": 1058982,
            "login": "Ben3eeE",
            "organizations_url": "https://api.github.com/users/Ben3eeE/orgs",
            "received_events_url": "https://api.github.com/users/Ben3eeE/received_events",
            "repos_url": "https://api.github.com/users/Ben3eeE/repos",
            "site_admin": false,
            "starred_url": "https://api.github.com/users/Ben3eeE/starred{/owner}{/repo}",
            "subscriptions_url": "https://api.github.com/users/Ben3eeE/subscriptions",
            "type": "User",
            "url": "https://api.github.com/users/Ben3eeE",
          },
        ],
        "author_association": "NONE",
        "body": "[Enter steps to reproduce:]
    
    1. Open any file associated with atom editor from Gnome
    2. Type anything in the editor - crashes
    3. Open atom from terminal, no crash.
    
    **Atom**: 1.20.0 x64
    **Electron**: 1.6.9
    **OS**: linux 4.12.12-1-ARCH
    **Thrown From**: Atom Core
    
    
    ### Stack Trace
    
    Uncaught Error: Could not connect to X display.
    
    \`\`\`
    At /usr/share/atom/resources/app/node_modules/keyboard-layout/lib/keyboard-layout.js:16
    
    Error: Could not connect to X display.
        at get_manager (/usr/share/atom/resources/app/node_modules/keyboard-layout/lib/keyboard-layout.js:16:37)
        at getCurrentKeyboardLayout (/usr/share/atom/resources/app/node_modules/keyboard-layout/lib/keyboard-layout.js:32:17)
        at Object.getCurrentKeymap (/usr/share/atom/resources/app/node_modules/keyboard-layout/lib/keyboard-layout.js:22:31)
        at exports.keystrokeForKeyboardEvent (/usr/share/atom/resources/app/node_modules/atom-keymap/lib/helpers.js:244:66)
        at KeymapManager.module.exports.KeymapManager.keystrokeForKeyboardEvent (/usr/share/atom/resources/app/node_modules/atom-keymap/lib/keymap-manager.js:467:20)
        at KeymapManager.module.exports.KeymapManager.handleKeyboardEvent (/usr/share/atom/resources/app/node_modules/atom-keymap/lib/keymap-manager.js:347:30)
        at WindowEventHandler.module.exports.WindowEventHandler.handleDocumentKeyEvent (/usr/share/atom/resources/app/src/window-event-handler.js:100:42)
        at HTMLDocument.<anonymous> (/usr/share/atom/resources/app/src/window-event-handler.js:3:65)
    \`\`\`
    
    ### Commands
    
    \`\`\`
      2x -0:06.6.0 core:select-right (input.hidden-input)
         -0:06.1.0 intentions:highlight (input.hidden-input)
    \`\`\`
    
    ### Non-Core Packages
    
    \`\`\`
    atom-beautify 0.30.5 
    autocomplete-clang 0.11.3 
    busy-signal 1.4.3 
    git-plus 7.9.3 
    intentions 1.1.5 
    language-cmake 0.3.0 
    linter 2.2.0 
    linter-clang 4.1.2 
    linter-ui-default 1.6.8 
    platformio-ide-terminal 2.6.0 
    \`\`\`
    
    ",
        "closed_at": null,
        "comments": 3,
        "comments_url": "https://api.github.com/repos/atom/atom/issues/15647/comments",
        "created_at": "2017-09-13T23:21:25Z",
        "events_url": "https://api.github.com/repos/atom/atom/issues/15647/events",
        "html_url": "https://github.com/atom/atom/issues/15647",
        "id": 257549662,
        "labels": Array [
          Object {
            "color": "c7def8",
            "default": false,
            "id": 97577987,
            "name": "linux",
            "url": "https://api.github.com/repos/atom/atom/labels/linux",
          },
          Object {
            "color": "009800",
            "default": false,
            "id": 171329633,
            "name": "needs-reproduction",
            "url": "https://api.github.com/repos/atom/atom/labels/needs-reproduction",
          },
        ],
        "labels_url": "https://api.github.com/repos/atom/atom/issues/15647/labels{/name}",
        "locked": false,
        "milestone": null,
        "number": 15647,
        "repository_url": "https://api.github.com/repos/atom/atom",
        "state": "open",
        "title": "Uncaught Error: Could not connect to X display",
        "updated_at": "2017-10-04T19:00:04Z",
        "url": "https://api.github.com/repos/atom/atom/issues/15647",
        "user": Object {
          "avatar_url": "https://avatars0.githubusercontent.com/u/7622286?v=4",
          "events_url": "https://api.github.com/users/elimpnick/events{/privacy}",
          "followers_url": "https://api.github.com/users/elimpnick/followers",
          "following_url": "https://api.github.com/users/elimpnick/following{/other_user}",
          "gists_url": "https://api.github.com/users/elimpnick/gists{/gist_id}",
          "gravatar_id": "",
          "html_url": "https://github.com/elimpnick",
          "id": 7622286,
          "login": "elimpnick",
          "organizations_url": "https://api.github.com/users/elimpnick/orgs",
          "received_events_url": "https://api.github.com/users/elimpnick/received_events",
          "repos_url": "https://api.github.com/users/elimpnick/repos",
          "site_admin": false,
          "starred_url": "https://api.github.com/users/elimpnick/starred{/owner}{/repo}",
          "subscriptions_url": "https://api.github.com/users/elimpnick/subscriptions",
          "type": "User",
          "url": "https://api.github.com/users/elimpnick",
        },
      },
      Object {
        "assignee": Object {
          "avatar_url": "https://avatars3.githubusercontent.com/u/118951?v=4",
          "events_url": "https://api.github.com/users/damieng/events{/privacy}",
          "followers_url": "https://api.github.com/users/damieng/followers",
          "following_url": "https://api.github.com/users/damieng/following{/other_user}",
          "gists_url": "https://api.github.com/users/damieng/gists{/gist_id}",
          "gravatar_id": "",
          "html_url": "https://github.com/damieng",
          "id": 118951,
          "login": "damieng",
          "organizations_url": "https://api.github.com/users/damieng/orgs",
          "received_events_url": "https://api.github.com/users/damieng/received_events",
          "repos_url": "https://api.github.com/users/damieng/repos",
          "site_admin": true,
          "starred_url": "https://api.github.com/users/damieng/starred{/owner}{/repo}",
          "subscriptions_url": "https://api.github.com/users/damieng/subscriptions",
          "type": "User",
          "url": "https://api.github.com/users/damieng",
        },
        "assignees": Array [
          Object {
            "avatar_url": "https://avatars3.githubusercontent.com/u/118951?v=4",
            "events_url": "https://api.github.com/users/damieng/events{/privacy}",
            "followers_url": "https://api.github.com/users/damieng/followers",
            "following_url": "https://api.github.com/users/damieng/following{/other_user}",
            "gists_url": "https://api.github.com/users/damieng/gists{/gist_id}",
            "gravatar_id": "",
            "html_url": "https://github.com/damieng",
            "id": 118951,
            "login": "damieng",
            "organizations_url": "https://api.github.com/users/damieng/orgs",
            "received_events_url": "https://api.github.com/users/damieng/received_events",
            "repos_url": "https://api.github.com/users/damieng/repos",
            "site_admin": true,
            "starred_url": "https://api.github.com/users/damieng/starred{/owner}{/repo}",
            "subscriptions_url": "https://api.github.com/users/damieng/subscriptions",
            "type": "User",
            "url": "https://api.github.com/users/damieng",
          },
        ],
        "author_association": "NONE",
        "body": "### Prerequisites
    
    * [ ] Put an X between the brackets on this line if you have done all of the following:
        * Reproduced the problem in Safe Mode: http://flight-manual.atom.io/hacking-atom/sections/debugging/#using-safe-mode
        * Followed all applicable steps in the debugging guide: http://flight-manual.atom.io/hacking-atom/sections/debugging/
        * Checked the FAQs on the message board for common solutions: https://discuss.atom.io/c/faq
        * Checked that your issue isn't already filed: https://github.com/issues?utf8=✓&q=is%3Aissue+user%3Aatom
        * Checked that there is not already an Atom package that provides the described functionality: https://atom.io/packages
    
    ### Description
    
    Sometimes when updating packages, Atom loses most of its settings. E.g. right now, I updated Hyperclick, and after the restart I was greeted with the welcome message, my font was reset to the default settings, my settings for linter-pycodestyle and linter-pylint were lost, and I assume all the others as well, but I didn't bother with the rest much, so no impact there in my case.
    
    This is difficult to reproduce; I can update packages dozens of times, but every once in a while, it loses all my settings. It's not a disk full issue, as I have 56GB available.
    
    The data loss appears to be limited to the things in ~/.atom/config.cson - the other .cson files and styles.less appear to be unaffected.
    
    ### Steps to Reproduce
    
    1. Update packages
    2. Restart
    
    **Expected behavior:** Atom restarts with upgraded packages, and settings intact.
    
    **Actual behavior:** Atom restarts with upgraded packages, and lost settings.
    
    **Reproduces how often:** Less than 10%
    
    ### Versions
    Atom    : 1.18.0
    Electron: 1.3.15
    Chrome  : 52.0.2743.82
    Node    : 6.5.0
    apm  1.18.1
    npm  3.10.10
    node 6.9.5 x64
    python 2.7.6
    git 1.9.1
    
    OS: Linux Mint 17.3 Rosa
    Kernel: 3.19.0-32-generic #37~14.04.1-Ubuntu SMP Thu Oct 22 09:41:40 UTC 2015 x86_64 x86_64 x86_64 GNU/Linux
    
    ### Additional Information
    
    Any additional information, configuration or data that might be necessary to reproduce the issue.
    ",
        "closed_at": null,
        "comments": 38,
        "comments_url": "https://api.github.com/repos/atom/atom/issues/14909/comments",
        "created_at": "2017-06-28T12:48:55Z",
        "events_url": "https://api.github.com/repos/atom/atom/issues/14909/events",
        "html_url": "https://github.com/atom/atom/issues/14909",
        "id": 239152969,
        "labels": Array [
          Object {
            "color": "f7c6c7",
            "default": true,
            "id": 33602150,
            "name": "bug",
            "url": "https://api.github.com/repos/atom/atom/labels/bug",
          },
          Object {
            "color": "e11d21",
            "default": false,
            "id": 372218233,
            "name": "data-loss",
            "url": "https://api.github.com/repos/atom/atom/labels/data-loss",
          },
          Object {
            "color": "009800",
            "default": false,
            "id": 98444358,
            "name": "more-information-needed",
            "url": "https://api.github.com/repos/atom/atom/labels/more-information-needed",
          },
          Object {
            "color": "009800",
            "default": false,
            "id": 171329633,
            "name": "needs-reproduction",
            "url": "https://api.github.com/repos/atom/atom/labels/needs-reproduction",
          },
          Object {
            "color": "00bb00",
            "default": false,
            "id": 505038679,
            "name": "triaged",
            "url": "https://api.github.com/repos/atom/atom/labels/triaged",
          },
        ],
        "labels_url": "https://api.github.com/repos/atom/atom/issues/14909/labels{/name}",
        "locked": false,
        "milestone": null,
        "number": 14909,
        "repository_url": "https://api.github.com/repos/atom/atom",
        "state": "open",
        "title": "Settings lost",
        "updated_at": "2017-10-23T17:14:15Z",
        "url": "https://api.github.com/repos/atom/atom/issues/14909",
        "user": Object {
          "avatar_url": "https://avatars1.githubusercontent.com/u/570247?v=4",
          "events_url": "https://api.github.com/users/jrial/events{/privacy}",
          "followers_url": "https://api.github.com/users/jrial/followers",
          "following_url": "https://api.github.com/users/jrial/following{/other_user}",
          "gists_url": "https://api.github.com/users/jrial/gists{/gist_id}",
          "gravatar_id": "",
          "html_url": "https://github.com/jrial",
          "id": 570247,
          "login": "jrial",
          "organizations_url": "https://api.github.com/users/jrial/orgs",
          "received_events_url": "https://api.github.com/users/jrial/received_events",
          "repos_url": "https://api.github.com/users/jrial/repos",
          "site_admin": false,
          "starred_url": "https://api.github.com/users/jrial/starred{/owner}{/repo}",
          "subscriptions_url": "https://api.github.com/users/jrial/subscriptions",
          "type": "User",
          "url": "https://api.github.com/users/jrial",
        },
      },
    ]
  }
/>
`;
